\BOOKMARK [0][-]{chapter*.3}{\376\377\000A\000b\000s\000t\000r\000a\000c\000t}{}% 1
\BOOKMARK [1][-]{section*.4}{\376\377\000R\000\351\000s\000u\000m\000\351}{chapter*.3}% 2
\BOOKMARK [0][-]{chapter*.6}{\376\377\000L\000i\000s\000t\000\040\000o\000f\000\040\000F\000i\000g\000u\000r\000e\000s}{}% 3
\BOOKMARK [0][-]{chapter*.7}{\376\377\000L\000i\000s\000t\000\040\000o\000f\000\040\000T\000a\000b\000l\000e\000s}{}% 4
\BOOKMARK [0][-]{chapter*.8}{\376\377\000L\000i\000s\000t\000\040\000o\000f\000\040\000A\000c\000r\000o\000n\000y\000m\000s}{}% 5
\BOOKMARK [0][-]{chapter*.9}{\376\377\000G\000e\000n\000e\000r\000a\000l\000\040\000I\000n\000t\000r\000o\000d\000u\000c\000t\000i\000o\000n}{}% 6
\BOOKMARK [0][-]{chapter.10}{\376\377\000P\000r\000o\000j\000e\000c\000t\000\040\000P\000r\000e\000s\000e\000n\000t\000a\000t\000i\000o\000n\000\040\000a\000n\000d\000\040\000T\000h\000e\000o\000r\000e\000t\000i\000c\000a\000l\000\040\000B\000a\000c\000k\000g\000r\000o\000u\000n\000d}{}% 7
\BOOKMARK [1][-]{section*.11}{\376\377\000I\000n\000t\000r\000o\000d\000u\000c\000t\000i\000o\000n}{chapter.10}% 8
\BOOKMARK [1][-]{section.12}{\376\377\000P\000r\000e\000s\000e\000n\000t\000a\000t\000i\000o\000n\000\040\000o\000f\000\040\000t\000h\000e\000\040\000h\000o\000s\000t\000\040\000l\000a\000b\000o\000r\000a\000t\000o\000r\000y\000\040\000a\000n\000d\000\040\000o\000f\000\040\000t\000h\000e\000\040\000p\000r\000o\000j\000e\000c\000t}{chapter.10}% 9
\BOOKMARK [2][-]{subsection.13}{\376\377\000T\000h\000e\000\040\000h\000o\000s\000t\000\040\000l\000a\000b\000o\000r\000a\000t\000o\000r\000y\000:\000\040\000I\000n\000s\000t\000i\000t\000u\000t\000\040\000J\000e\000a\000n\000\040\000L\000a\000m\000o\000u\000r}{section.12}% 10
\BOOKMARK [2][-]{subsection.14}{\376\377\000G\000e\000n\000e\000r\000a\000l\000\040\000p\000r\000e\000s\000e\000n\000t\000a\000t\000i\000o\000n\000\040\000o\000f\000\040\000t\000h\000e\000\040\000p\000r\000o\000j\000e\000c\000t}{section.12}% 11
\BOOKMARK [3][-]{subsubsection.15}{\376\377\000G\000e\000n\000e\000r\000a\000l\000\040\000c\000o\000n\000t\000e\000x\000t\000\040\000a\000n\000d\000\040\000p\000r\000o\000b\000l\000e\000m\000\040\000s\000t\000a\000t\000e\000m\000e\000n\000t}{subsection.14}% 12
\BOOKMARK [3][-]{subsubsection.16}{\376\377\000P\000r\000o\000p\000o\000s\000e\000d\000\040\000s\000o\000l\000u\000t\000i\000o\000n\000:\000\040\000a\000\040\000m\000u\000l\000t\000i\000-\000m\000o\000d\000e\000l\000\040\000v\000o\000t\000i\000n\000g\000\040\000d\000e\000t\000e\000c\000t\000i\000o\000n\000\040\000s\000y\000s\000t\000e\000m}{subsection.14}% 13
\BOOKMARK [3][-]{subsubsection.23}{\376\377\000P\000r\000o\000j\000e\000c\000t\000\040\000m\000i\000l\000e\000s\000t\000o\000n\000e\000s}{subsection.14}% 14
\BOOKMARK [1][-]{section.25}{\376\377\000T\000h\000e\000o\000r\000e\000t\000i\000c\000a\000l\000\040\000b\000a\000c\000k\000g\000r\000o\000u\000n\000d}{chapter.10}% 15
\BOOKMARK [2][-]{subsection.26}{\376\377\000T\000h\000e\000\040\000e\000l\000e\000c\000t\000r\000i\000c\000\040\000a\000r\000c\000\040\000p\000h\000e\000n\000o\000m\000e\000n\000o\000n}{section.25}% 16
\BOOKMARK [2][-]{subsection.27}{\376\377\000S\000e\000r\000i\000e\000s\000\040\000a\000n\000d\000\040\000p\000a\000r\000a\000l\000l\000e\000l\000\040\000a\000r\000c\000\040\000f\000a\000u\000l\000t\000s}{section.25}% 17
\BOOKMARK [2][-]{subsection.28}{\376\377\000E\000l\000e\000c\000t\000r\000i\000c\000a\000l\000\040\000s\000i\000g\000n\000a\000t\000u\000r\000e\000s\000\040\000o\000f\000\040\000a\000\040\000s\000e\000r\000i\000e\000s\000\040\000a\000r\000c}{section.25}% 18
\BOOKMARK [2][-]{subsection.29}{\376\377\000A\000F\000D\000D\000s\000\040\000a\000n\000d\000\040\000t\000h\000e\000\040\000I\000E\000C\000\040\0006\0002\0006\0000\0006\000\040\000s\000t\000a\000n\000d\000a\000r\000d}{section.25}% 19
\BOOKMARK [2][-]{subsection.30}{\376\377\000D\000e\000e\000p\000\040\000l\000e\000a\000r\000n\000i\000n\000g\000\040\000f\000o\000r\000\040\000s\000i\000g\000n\000a\000l\000\040\000c\000l\000a\000s\000s\000i\000f\000i\000c\000a\000t\000i\000o\000n}{section.25}% 20
\BOOKMARK [3][-]{subsubsection.31}{\376\377\000O\000n\000e\000-\000d\000i\000m\000e\000n\000s\000i\000o\000n\000a\000l\000\040\000c\000o\000n\000v\000o\000l\000u\000t\000i\000o\000n\000a\000l\000\040\000n\000e\000t\000w\000o\000r\000k\000s}{subsection.30}% 21
\BOOKMARK [3][-]{subsubsection.32}{\376\377\000T\000i\000m\000e\040\023\000f\000r\000e\000q\000u\000e\000n\000c\000y\000\040\000a\000n\000a\000l\000y\000s\000i\000s\000\040\000a\000n\000d\000\040\0002\000-\000D\000\040\000c\000o\000n\000v\000o\000l\000u\000t\000i\000o\000n\000a\000l\000\040\000n\000e\000t\000w\000o\000r\000k\000s}{subsection.30}% 22
\BOOKMARK [3][-]{subsubsection.33}{\376\377\000A\000t\000t\000e\000n\000t\000i\000o\000n\000\040\000m\000e\000c\000h\000a\000n\000i\000s\000m\000s}{subsection.30}% 23
\BOOKMARK [3][-]{subsubsection.34}{\376\377\000M\000e\000m\000o\000r\000y\000-\000b\000a\000s\000e\000d\000\040\000s\000e\000q\000u\000e\000n\000c\000e\000\040\000m\000o\000d\000e\000l\000s}{subsection.30}% 24
\BOOKMARK [2][-]{subsection.35}{\376\377\000G\000e\000n\000e\000r\000a\000l\000i\000z\000a\000t\000i\000o\000n\000,\000\040\000o\000v\000e\000r\000f\000i\000t\000t\000i\000n\000g\000\040\000a\000n\000d\000\040\000e\000v\000a\000l\000u\000a\000t\000i\000o\000n\000\040\000p\000r\000o\000t\000o\000c\000o\000l\000s}{section.25}% 25
\BOOKMARK [1][-]{section.36}{\376\377\000D\000e\000v\000e\000l\000o\000p\000m\000e\000n\000t\000\040\000t\000o\000o\000l\000s}{chapter.10}% 26
\BOOKMARK [1][-]{section*.37}{\376\377\000C\000o\000n\000c\000l\000u\000s\000i\000o\000n}{chapter.10}% 27
\BOOKMARK [0][-]{chapter.38}{\376\377\000S\000t\000a\000t\000e\000\040\000o\000f\000\040\000t\000h\000e\000\040\000A\000r\000t}{}% 28
\BOOKMARK [1][-]{section*.39}{\376\377\000I\000n\000t\000r\000o\000d\000u\000c\000t\000i\000o\000n}{chapter.38}% 29
\BOOKMARK [1][-]{section.40}{\376\377\000D\000e\000s\000c\000r\000i\000p\000t\000o\000r\000-\000b\000a\000s\000e\000d\000\040\000m\000e\000t\000h\000o\000d\000s\000\040\000w\000i\000t\000h\000\040\000m\000a\000c\000h\000i\000n\000e\000\040\000l\000e\000a\000r\000n\000i\000n\000g\000\040\000c\000l\000a\000s\000s\000i\000f\000i\000e\000r\000s}{chapter.38}% 30
\BOOKMARK [1][-]{section.41}{\376\377\000L\000i\000g\000h\000t\000w\000e\000i\000g\000h\000t\000\040\000e\000n\000d\000-\000t\000o\000-\000e\000n\000d\000\040\000n\000e\000u\000r\000a\000l\000\040\000n\000e\000t\000w\000o\000r\000k\000s\000\040\000o\000n\000\040\000t\000h\000e\000\040\000r\000a\000w\000\040\000c\000u\000r\000r\000e\000n\000t}{chapter.38}% 31
\BOOKMARK [1][-]{section.42}{\376\377\000A\000t\000t\000e\000n\000t\000i\000o\000n\000-\000b\000a\000s\000e\000d\000\040\000a\000r\000c\000h\000i\000t\000e\000c\000t\000u\000r\000e\000s}{chapter.38}% 32
\BOOKMARK [1][-]{section.43}{\376\377\000C\000o\000m\000p\000a\000r\000a\000t\000i\000v\000e\000\040\000a\000n\000a\000l\000y\000s\000i\000s}{chapter.38}% 33
\BOOKMARK [1][-]{section.48}{\376\377\000P\000o\000s\000i\000t\000i\000o\000n\000i\000n\000g\000\040\000o\000f\000\040\000o\000u\000r\000\040\000s\000o\000l\000u\000t\000i\000o\000n}{chapter.38}% 34
\BOOKMARK [1][-]{section*.49}{\376\377\000C\000o\000n\000c\000l\000u\000s\000i\000o\000n}{chapter.38}% 35
\BOOKMARK [0][-]{chapter.50}{\376\377\000P\000r\000o\000p\000o\000s\000e\000d\000\040\000S\000o\000l\000u\000t\000i\000o\000n\000:\000\040\000D\000a\000t\000a\000\040\000P\000i\000p\000e\000l\000i\000n\000e\000\040\000a\000n\000d\000\040\000A\000r\000c\000-\000F\000a\000u\000l\000t\000N\000e\000t\000\040\000A\000r\000c\000h\000i\000t\000e\000c\000t\000u\000r\000e}{}% 36
\BOOKMARK [1][-]{section*.51}{\376\377\000I\000n\000t\000r\000o\000d\000u\000c\000t\000i\000o\000n}{chapter.50}% 37
\BOOKMARK [1][-]{section.52}{\376\377\000S\000y\000s\000t\000e\000m\000\040\000o\000v\000e\000r\000v\000i\000e\000w}{chapter.50}% 38
\BOOKMARK [1][-]{section.54}{\376\377\000D\000a\000t\000a\000s\000e\000t\000\040\000c\000o\000n\000s\000t\000r\000u\000c\000t\000i\000o\000n}{chapter.50}% 39
\BOOKMARK [2][-]{subsection.55}{\376\377\000R\000a\000w\000\040\000d\000a\000t\000a\000\040\000a\000c\000q\000u\000i\000s\000i\000t\000i\000o\000n}{section.54}% 40
\BOOKMARK [2][-]{subsection.57}{\376\377\000C\000y\000c\000l\000e\000\040\000s\000e\000g\000m\000e\000n\000t\000a\000t\000i\000o\000n}{section.54}% 41
\BOOKMARK [2][-]{subsection.63}{\376\377\000A\000u\000t\000o\000m\000a\000t\000i\000c\000\040\000l\000a\000b\000e\000l\000i\000n\000g\000\040\000v\000i\000a\000\040\000t\000h\000e\000\040\000a\000r\000c\000-\000v\000o\000l\000t\000a\000g\000e\000\040\000o\000r\000a\000c\000l\000e}{section.54}% 42
\BOOKMARK [2][-]{subsection.66}{\376\377\000P\000e\000r\000-\000c\000y\000c\000l\000e\000\040\000n\000o\000r\000m\000a\000l\000i\000z\000a\000t\000i\000o\000n}{section.54}% 43
\BOOKMARK [2][-]{subsection.68}{\376\377\000C\000a\000m\000p\000a\000i\000g\000n\000\040\000m\000e\000r\000g\000i\000n\000g\000\040\000a\000n\000d\000\040\000f\000i\000n\000a\000l\000\040\000d\000a\000t\000a\000s\000e\000t}{section.54}% 44
\BOOKMARK [2][-]{subsection.70}{\376\377\000D\000e\000c\000i\000m\000a\000t\000i\000o\000n\000:\000\040\000f\000r\000o\000m\000\040\0001\000\040\000M\000H\000z\000\040\000t\000o\000\040\0001\0000\0002\000.\0004\000\040\000k\000H\000z}{section.54}% 45
\BOOKMARK [2][-]{subsection.72}{\376\377\000O\000n\000-\000t\000h\000e\000-\000f\000l\000y\000\040\000f\000e\000a\000t\000u\000r\000e\000\040\000c\000o\000m\000p\000u\000t\000a\000t\000i\000o\000n\000\040\000a\000n\000d\000\040\000d\000a\000t\000a\000\040\000a\000u\000g\000m\000e\000n\000t\000a\000t\000i\000o\000n}{section.54}% 46
\BOOKMARK [1][-]{section.73}{\376\377\000T\000h\000e\000\040\000A\000r\000c\000-\000F\000a\000u\000l\000t\000N\000e\000t\000\040\000a\000r\000c\000h\000i\000t\000e\000c\000t\000u\000r\000e}{chapter.50}% 47
\BOOKMARK [2][-]{subsection.75}{\376\377\000I\000n\000p\000u\000t\000\040\000r\000e\000p\000r\000e\000s\000e\000n\000t\000a\000t\000i\000o\000n\000:\000\040\000f\000o\000u\000r\000\040\000p\000h\000y\000s\000i\000c\000s\000-\000i\000n\000f\000o\000r\000m\000e\000d\000\040\000c\000h\000a\000n\000n\000e\000l\000s}{section.73}% 48
\BOOKMARK [2][-]{subsection.77}{\376\377\000T\000e\000m\000p\000o\000r\000a\000l\000\040\000b\000r\000a\000n\000c\000h}{section.73}% 49
\BOOKMARK [2][-]{subsection.78}{\376\377\000S\000p\000e\000c\000t\000r\000a\000l\000\040\000b\000r\000a\000n\000c\000h}{section.73}% 50
\BOOKMARK [2][-]{subsection.79}{\376\377\000F\000u\000s\000i\000o\000n\000\040\000b\000y\000\040\000b\000i\000d\000i\000r\000e\000c\000t\000i\000o\000n\000a\000l\000\040\000c\000r\000o\000s\000s\000-\000a\000t\000t\000e\000n\000t\000i\000o\000n}{section.73}% 51
\BOOKMARK [2][-]{subsection.83}{\376\377\000S\000q\000u\000e\000e\000z\000e\000-\000a\000n\000d\000-\000e\000x\000c\000i\000t\000a\000t\000i\000o\000n\000\040\000b\000l\000o\000c\000k\000s\000\040\000a\000n\000d\000\040\000c\000l\000a\000s\000s\000i\000f\000i\000c\000a\000t\000i\000o\000n\000\040\000h\000e\000a\000d}{section.73}% 52
\BOOKMARK [1][-]{section.85}{\376\377\000E\000v\000a\000l\000u\000a\000t\000i\000o\000n\000\040\000p\000r\000o\000t\000o\000c\000o\000l}{chapter.50}% 53
\BOOKMARK [2][-]{subsection.86}{\376\377\000M\000e\000t\000r\000i\000c\000s}{section.85}% 54
\BOOKMARK [2][-]{subsection.89}{\376\377\000T\000h\000r\000e\000e\000\040\000c\000o\000m\000p\000l\000e\000m\000e\000n\000t\000a\000r\000y\000\040\000v\000a\000l\000i\000d\000a\000t\000i\000o\000n\000\040\000p\000r\000o\000t\000o\000c\000o\000l\000s}{section.85}% 55
\BOOKMARK [1][-]{section*.93}{\376\377\000C\000o\000n\000c\000l\000u\000s\000i\000o\000n}{chapter.50}% 56
\BOOKMARK [0][-]{chapter.94}{\376\377\000I\000m\000p\000l\000e\000m\000e\000n\000t\000a\000t\000i\000o\000n\000\040\000a\000n\000d\000\040\000R\000e\000s\000u\000l\000t\000s}{}% 57
\BOOKMARK [1][-]{section*.95}{\376\377\000I\000n\000t\000r\000o\000d\000u\000c\000t\000i\000o\000n}{chapter.94}% 58
\BOOKMARK [1][-]{section.96}{\376\377\000W\000o\000r\000k\000i\000n\000g\000\040\000e\000n\000v\000i\000r\000o\000n\000m\000e\000n\000t}{chapter.94}% 59
\BOOKMARK [1][-]{section.98}{\376\377\000T\000r\000a\000i\000n\000i\000n\000g\000\040\000c\000o\000n\000f\000i\000g\000u\000r\000a\000t\000i\000o\000n}{chapter.94}% 60
\BOOKMARK [1][-]{section.100}{\376\377\000T\000h\000e\000\040\000i\000t\000e\000r\000a\000t\000i\000v\000e\000\040\000e\000x\000p\000e\000r\000i\000m\000e\000n\000t\000a\000l\000\040\000j\000o\000u\000r\000n\000e\000y}{chapter.94}% 61
\BOOKMARK [2][-]{subsection.102}{\376\377\000P\000h\000a\000s\000e\000\040\0000\000\040\040\024\000\040\000A\000\040\000m\000i\000s\000l\000e\000a\000d\000i\000n\000g\000\040\000p\000e\000r\000f\000e\000c\000t\000\040\000s\000c\000o\000r\000e}{section.100}% 62
\BOOKMARK [2][-]{subsection.104}{\376\377\000P\000h\000a\000s\000e\000\040\0001\000\040\040\024\000\040\000T\000h\000e\000\040\000r\000e\000a\000l\000i\000t\000y\000\040\000c\000h\000e\000c\000k}{section.100}% 63
\BOOKMARK [2][-]{subsection.107}{\376\377\000P\000h\000a\000s\000e\000\040\0002\000\040\040\024\000\040\000C\000a\000p\000a\000c\000i\000t\000y\000\040\000p\000r\000o\000b\000e\000:\000\040\000i\000s\000\040\000t\000h\000e\000\040\000m\000o\000d\000e\000l\000\040\000t\000o\000o\000\040\000s\000m\000a\000l\000l\000\040\000o\000r\000\040\000t\000o\000o\000\040\000b\000i\000g\000?}{section.100}% 64
\BOOKMARK [2][-]{subsection.109}{\376\377\000P\000h\000a\000s\000e\000\040\0003\000\040\040\024\000\040\000S\000q\000u\000e\000e\000z\000e\000-\000a\000n\000d\000-\000e\000x\000c\000i\000t\000a\000t\000i\000o\000n\000\040\000a\000n\000d\000\040\000h\000y\000p\000e\000r\000p\000a\000r\000a\000m\000e\000t\000e\000r\000\040\000s\000e\000a\000r\000c\000h\000\040\000o\000n\000\040\000V\0001}{section.100}% 65
\BOOKMARK [2][-]{subsection.112}{\376\377\000P\000h\000a\000s\000e\000\040\0004\000\040\040\024\000\040\000T\000h\000e\000\040\000V\0002\000\040\000r\000e\000d\000e\000s\000i\000g\000n\000:\000\040\000s\000i\000n\000g\000l\000e\000-\000c\000y\000c\000l\000e\000,\000\040\000p\000h\000y\000s\000i\000c\000s\000-\000i\000n\000f\000o\000r\000m\000e\000d\000,\000\040\000e\000m\000b\000e\000d\000d\000e\000d\000-\000r\000e\000a\000l\000i\000s\000t\000i\000c}{section.100}% 66
\BOOKMARK [2][-]{subsection.114}{\376\377\000P\000h\000a\000s\000e\000\040\0004\000.\0005\000\040\040\024\000\040\000A\000\040\000n\000e\000g\000a\000t\000i\000v\000e\000\040\000r\000e\000s\000u\000l\000t\000:\000\040\000t\000h\000e\000\040\000i\000n\000t\000e\000r\000-\000c\000y\000c\000l\000e\000\040\000r\000e\000s\000i\000d\000u\000a\000l}{section.100}% 67
\BOOKMARK [2][-]{subsection.116}{\376\377\000P\000h\000a\000s\000e\000\040\0005\000\040\040\024\000\040\000S\000t\000a\000b\000i\000l\000i\000t\000y\000\040\000e\000n\000g\000i\000n\000e\000e\000r\000i\000n\000g\000:\000\040\000S\000E\000\040\000b\000l\000o\000c\000k\000s\000\040\000a\000n\000d\000\040\000d\000e\000e\000p\000\040\000c\000l\000a\000s\000s\000i\000f\000i\000e\000r\000\040\000h\000e\000a\000d}{section.100}% 68
\BOOKMARK [2][-]{subsection.118}{\376\377\000P\000h\000a\000s\000e\000\040\0006\000\040\040\024\000\040\000R\000e\000-\000e\000n\000g\000i\000n\000e\000e\000r\000i\000n\000g\000\040\000t\000h\000e\000\040\000f\000u\000s\000i\000o\000n\000:\000\040\000f\000r\000o\000m\000\040\000p\000o\000o\000l\000e\000d\000\040\000g\000a\000t\000i\000n\000g\000\040\000t\000o\000\040\000s\000e\000q\000u\000e\000n\000c\000e\000-\000l\000e\000v\000e\000l\000\040\000c\000r\000o\000s\000s\000-\000a\000t\000t\000e\000n\000t\000i\000o\000n}{section.100}% 69
\BOOKMARK [1][-]{section.121}{\376\377\000A\000b\000l\000a\000t\000i\000o\000n\000\040\000s\000t\000u\000d\000i\000e\000s}{chapter.94}% 70
\BOOKMARK [2][-]{subsection.122}{\376\377\000A\000\040\000f\000l\000a\000w\000e\000d\000\040\000f\000i\000r\000s\000t\000\040\000a\000b\000l\000a\000t\000i\000o\000n\000\040\040\024\000\040\000a\000n\000d\000\040\000w\000h\000a\000t\000\040\000i\000t\000\040\000t\000a\000u\000g\000h\000t\000\040\000u\000s}{section.121}% 71
\BOOKMARK [2][-]{subsection.123}{\376\377\000T\000h\000e\000\040\000c\000o\000r\000r\000e\000c\000t\000e\000d\000\040\000a\000b\000l\000a\000t\000i\000o\000n\000\040\000s\000t\000u\000d\000y}{section.121}% 72
\BOOKMARK [2][-]{subsection.126}{\376\377\000C\000o\000m\000p\000o\000n\000e\000n\000t\000\040\000c\000o\000n\000t\000r\000i\000b\000u\000t\000i\000o\000n\000\040\000r\000a\000n\000k\000i\000n\000g}{section.121}% 73
\BOOKMARK [1][-]{section.128}{\376\377\000G\000e\000n\000e\000r\000a\000l\000i\000z\000a\000t\000i\000o\000n\000\040\000t\000o\000\040\000u\000n\000s\000e\000e\000n\000\040\000r\000e\000c\000o\000r\000d\000i\000n\000g\000s}{chapter.94}% 74
\BOOKMARK [1][-]{section.134}{\376\377\000F\000a\000l\000s\000e\000\040\000p\000o\000s\000i\000t\000i\000v\000e\000\040\000f\000o\000r\000e\000n\000s\000i\000c\000s}{chapter.94}% 75
\BOOKMARK [1][-]{section.137}{\376\377\000D\000i\000s\000c\000u\000s\000s\000i\000o\000n\000\040\000a\000n\000d\000\040\000l\000i\000m\000i\000t\000a\000t\000i\000o\000n\000s}{chapter.94}% 76
\BOOKMARK [1][-]{section*.138}{\376\377\000C\000o\000n\000c\000l\000u\000s\000i\000o\000n}{chapter.94}% 77
\BOOKMARK [0][-]{chapter*.139}{\376\377\000G\000e\000n\000e\000r\000a\000l\000\040\000C\000o\000n\000c\000l\000u\000s\000i\000o\000n}{}% 78
\BOOKMARK [0][-]{chapter*.140}{\376\377\000B\000i\000b\000l\000i\000o\000g\000r\000a\000p\000h\000y}{}% 79
\BOOKMARK [0][-]{appendix.141}{\376\377\000D\000e\000t\000a\000i\000l\000e\000d\000\040\000E\000x\000p\000e\000r\000i\000m\000e\000n\000t\000a\000l\000\040\000R\000e\000c\000o\000r\000d\000s}{}% 80
\BOOKMARK [1][-]{section.142}{\376\377\000F\000u\000l\000l\000\040\000t\000r\000a\000i\000n\000i\000n\000g\000\040\000c\000o\000n\000f\000i\000g\000u\000r\000a\000t\000i\000o\000n}{appendix.141}% 81
\BOOKMARK [1][-]{section.144}{\376\377\000R\000e\000c\000o\000r\000d\000i\000n\000g\000-\000l\000e\000v\000e\000l\000\040\000G\000r\000o\000u\000p\000K\000F\000o\000l\000d\000:\000\040\000p\000e\000r\000-\000f\000o\000l\000d\000\040\000d\000e\000t\000a\000i\000l\000s}{appendix.141}% 82
\BOOKMARK [1][-]{section.146}{\376\377\000C\000h\000r\000o\000n\000o\000l\000o\000g\000y\000\040\000o\000f\000\040\000t\000h\000e\000\040\000m\000a\000i\000n\000\040\000t\000r\000a\000i\000n\000i\000n\000g\000\040\000r\000u\000n\000s}{appendix.141}% 83
\BOOKMARK [1][-]{section.148}{\376\377\000F\000i\000r\000s\000t\000\040\000\050\000f\000l\000a\000w\000e\000d\000\051\000\040\000a\000b\000l\000a\000t\000i\000o\000n\000\040\040\024\000\040\000r\000a\000w\000\040\000r\000e\000s\000u\000l\000t\000s}{appendix.141}% 84
