\BOOKMARK [0][-]{chapter*.3}{\376\377\000A\000b\000s\000t\000r\000a\000c\000t}{}% 1
\BOOKMARK [1][-]{section*.4}{\376\377\000R\000\351\000s\000u\000m\000\351}{chapter*.3}% 2
\BOOKMARK [0][-]{chapter*.6}{\376\377\000T\000a\000b\000l\000e\000\040\000d\000e\000s\000\040\000f\000i\000g\000u\000r\000e\000s}{}% 3
\BOOKMARK [0][-]{chapter*.7}{\376\377\000L\000i\000s\000t\000e\000\040\000d\000e\000s\000\040\000t\000a\000b\000l\000e\000a\000u\000x}{}% 4
\BOOKMARK [0][-]{chapter*.8}{\376\377\000L\000i\000s\000t\000e\000\040\000d\000e\000s\000\040\000a\000c\000r\000o\000n\000y\000m\000e\000s}{}% 5
\BOOKMARK [0][-]{chapter*.9}{\376\377\000I\000n\000t\000r\000o\000d\000u\000c\000t\000i\000o\000n\000\040\000g\000\351\000n\000\351\000r\000a\000l\000e}{}% 6
\BOOKMARK [0][-]{chapter.10}{\376\377\000C\000a\000d\000r\000e\000\040\000g\000\351\000n\000\351\000r\000a\000l\000\040\000e\000t\000\040\000f\000o\000n\000d\000e\000m\000e\000n\000t\000s\000\040\000d\000u\000\040\000p\000r\000o\000j\000e\000t}{}% 7
\BOOKMARK [1][-]{section*.11}{\376\377\000I\000n\000t\000r\000o\000d\000u\000c\000t\000i\000o\000n}{chapter.10}% 8
\BOOKMARK [1][-]{section.12}{\376\377\000P\000r\000\351\000s\000e\000n\000t\000a\000t\000i\000o\000n\000\040\000d\000e\000\040\000l\000'\000e\000n\000t\000r\000e\000p\000r\000i\000s\000e\000\040\000d\000'\000a\000c\000c\000u\000e\000i\000l}{chapter.10}% 9
\BOOKMARK [2][-]{subsection.13}{\376\377\000T\000a\000l\000a\000n\000\040\000T\000u\000n\000i\000s\000i\000e\000\040\000C\000o\000n\000s\000u\000l\000t\000i\000n\000g}{section.12}% 10
\BOOKMARK [2][-]{subsection.14}{\376\377\000S\000e\000c\000t\000e\000u\000r\000s\000\040\000d\000'\000a\000c\000t\000i\000v\000i\000t\000\351}{section.12}% 11
\BOOKMARK [2][-]{subsection.16}{\376\377\000D\000\351\000p\000a\000r\000t\000e\000m\000e\000n\000t\000\040\000T\000e\000c\000h\000\040\000e\000t\000\040\000C\000l\000o\000u\000d}{section.12}% 12
\BOOKMARK [2][-]{subsection.17}{\376\377\000B\000o\000o\000t\000c\000a\000m\000p\000\040\000d\000'\000i\000n\000t\000\351\000g\000r\000a\000t\000i\000o\000n}{section.12}% 13
\BOOKMARK [1][-]{section.19}{\376\377\000P\000r\000\351\000s\000e\000n\000t\000a\000t\000i\000o\000n\000\040\000d\000u\000\040\000p\000r\000o\000j\000e\000t}{chapter.10}% 14
\BOOKMARK [2][-]{subsection.20}{\376\377\000C\000o\000n\000t\000e\000x\000t\000e\000\040\000d\000u\000\040\000p\000r\000o\000j\000e\000t}{section.19}% 15
\BOOKMARK [2][-]{subsection.21}{\376\377\000C\000o\000n\000s\000t\000a\000t\000\040\000i\000n\000i\000t\000i\000a\000l}{section.19}% 16
\BOOKMARK [2][-]{subsection.23}{\376\377\000P\000r\000o\000b\000l\000\351\000m\000a\000t\000i\000q\000u\000e}{section.19}% 17
\BOOKMARK [2][-]{subsection.24}{\376\377\000O\000b\000j\000e\000c\000t\000i\000f\000s\000\040\000d\000u\000\040\000p\000r\000o\000j\000e\000t}{section.19}% 18
\BOOKMARK [2][-]{subsection.26}{\376\377\000P\000\351\000r\000i\000m\000\350\000t\000r\000e\000\040\000d\000u\000\040\000p\000r\000o\000j\000e\000t}{section.19}% 19
\BOOKMARK [1][-]{section.28}{\376\377\000I\000n\000t\000\351\000r\000\352\000t\000\040\000e\000t\000\040\000m\000o\000t\000i\000v\000a\000t\000i\000o\000n\000s\000\040\000d\000u\000\040\000s\000u\000j\000e\000t}{chapter.10}% 20
\BOOKMARK [1][-]{section.29}{\376\377\000F\000o\000n\000d\000e\000m\000e\000n\000t\000s\000\040\000t\000e\000c\000h\000n\000o\000l\000o\000g\000i\000q\000u\000e\000s\000\040\000e\000t\000\040\000\351\000t\000a\000t\000\040\000d\000e\000\040\000l\000'\000a\000r\000t}{chapter.10}% 21
\BOOKMARK [2][-]{subsection.30}{\376\377\000\311\000v\000o\000l\000u\000t\000i\000o\000n\000\040\000d\000e\000s\000\040\000a\000r\000c\000h\000i\000t\000e\000c\000t\000u\000r\000e\000s\000\040\000f\000r\000o\000n\000t\000-\000e\000n\000d}{section.29}% 22
\BOOKMARK [2][-]{subsection.31}{\376\377\000A\000r\000c\000h\000i\000t\000e\000c\000t\000u\000r\000e\000\040\000f\000r\000o\000n\000t\000-\000e\000n\000d\000\040\000m\000o\000n\000o\000l\000i\000t\000h\000i\000q\000u\000e}{section.29}% 23
\BOOKMARK [2][-]{subsection.33}{\376\377\000A\000r\000c\000h\000i\000t\000e\000c\000t\000u\000r\000e\000\040\000m\000i\000c\000r\000o\000-\000f\000r\000o\000n\000t\000e\000n\000d}{section.29}% 24
\BOOKMARK [3][-]{subsubsection.34}{\376\377\000D\000\351\000f\000i\000n\000i\000t\000i\000o\000n\000\040\000e\000t\000\040\000p\000r\000i\000n\000c\000i\000p\000e\000\040\000g\000\351\000n\000\351\000r\000a\000l}{subsection.33}% 25
\BOOKMARK [3][-]{subsubsection.36}{\376\377\000F\000o\000n\000d\000e\000m\000e\000n\000t\000s\000\040\000d\000'\000u\000n\000e\000\040\000a\000r\000c\000h\000i\000t\000e\000c\000t\000u\000r\000e\000\040\000m\000i\000c\000r\000o\000-\000f\000r\000o\000n\000t\000e\000n\000d\000\040\000:\000\040\000S\000h\000e\000l\000l\000\040\000e\000t\000\040\000R\000e\000m\000o\000t\000e\000s}{subsection.33}% 26
\BOOKMARK [3][-]{subsubsection.37}{\376\377\000M\000o\000d\000u\000l\000e\000\040\000F\000e\000d\000e\000r\000a\000t\000i\000o\000n}{subsection.33}% 27
\BOOKMARK [3][-]{subsubsection.39}{\376\377\000M\000o\000d\000e\000s\000\040\000d\000'\000i\000n\000t\000\351\000g\000r\000a\000t\000i\000o\000n}{subsection.33}% 28
\BOOKMARK [3][-]{subsubsection.40}{\376\377\000P\000o\000i\000n\000t\000s\000\040\000d\000e\000\040\000v\000i\000g\000i\000l\000a\000n\000c\000e}{subsection.33}% 29
\BOOKMARK [2][-]{subsection.42}{\376\377\000M\000i\000g\000r\000a\000t\000i\000o\000n\000\040\000v\000e\000r\000s\000\040\000l\000e\000s\000\040\000m\000i\000c\000r\000o\000-\000f\000r\000o\000n\000t\000e\000n\000d\000s}{section.29}% 30
\BOOKMARK [3][-]{subsubsection.43}{\376\377\000M\000i\000g\000r\000a\000t\000i\000o\000n\000\040\000p\000r\000o\000g\000r\000e\000s\000s\000i\000v\000e\000\040\000e\000t\000\040\000d\000\351\000c\000o\000u\000p\000a\000g\000e\000\040\000f\000o\000n\000c\000t\000i\000o\000n\000n\000e\000l}{subsection.42}% 31
\BOOKMARK [3][-]{subsubsection.44}{\376\377\000R\000i\000s\000q\000u\000e\000s\000\040\000l\000i\000\351\000s\000\040\000\340\000\040\000l\000a\000\040\000m\000i\000g\000r\000a\000t\000i\000o\000n}{subsection.42}% 32
\BOOKMARK [2][-]{subsection.45}{\376\377\000A\000n\000g\000u\000l\000a\000r\000\040\000:\000\040\000c\000o\000m\000p\000o\000s\000a\000n\000t\000s\000,\000\040\000s\000e\000r\000v\000i\000c\000e\000s\000\040\000e\000t\000\040\000r\000o\000u\000t\000a\000g\000e\000\040\000d\000a\000n\000s\000\040\000l\000e\000\040\000c\000o\000n\000t\000e\000x\000t\000e\000\040\000d\000'\000u\000n\000e\000\040\000m\000i\000g\000r\000a\000t\000i\000o\000n}{section.29}% 33
\BOOKMARK [2][-]{subsection.47}{\376\377\000L\000a\000r\000g\000e\000\040\000L\000a\000n\000g\000u\000a\000g\000e\000\040\000M\000o\000d\000e\000l\000s}{section.29}% 34
\BOOKMARK [2][-]{subsection.48}{\376\377\000A\000g\000e\000n\000t\000i\000c\000\040\000A\000I}{section.29}% 35
\BOOKMARK [2][-]{subsection.49}{\376\377\000A\000u\000t\000o\000m\000a\000t\000i\000s\000a\000t\000i\000o\000n\000\040\000d\000e\000\040\000l\000a\000\040\000m\000i\000g\000r\000a\000t\000i\000o\000n}{section.29}% 36
\BOOKMARK [2][-]{subsection.50}{\376\377\000S\000y\000s\000t\000\350\000m\000e\000s\000\040\000m\000u\000l\000t\000i\000-\000a\000g\000e\000n\000t\000s\000\040\000e\000t\000\040\000o\000r\000c\000h\000e\000s\000t\000r\000a\000t\000i\000o\000n}{section.29}% 37
\BOOKMARK [1][-]{section.52}{\376\377\000P\000o\000s\000i\000t\000i\000o\000n\000n\000e\000m\000e\000n\000t\000\040\000p\000a\000r\000\040\000r\000a\000p\000p\000o\000r\000t\000\040\000a\000u\000x\000\040\000s\000o\000l\000u\000t\000i\000o\000n\000s\000\040\000e\000x\000i\000s\000t\000a\000n\000t\000e\000s}{chapter.10}% 38
\BOOKMARK [1][-]{section.54}{\376\377\000S\000o\000l\000u\000t\000i\000o\000n\000\040\000p\000r\000o\000p\000o\000s\000\351\000e}{chapter.10}% 39
\BOOKMARK [1][-]{section.56}{\376\377\000M\000\351\000t\000h\000o\000d\000o\000l\000o\000g\000i\000e\000\040\000d\000u\000\040\000t\000r\000a\000v\000a\000i\000l}{chapter.10}% 40
\BOOKMARK [2][-]{subsection.57}{\376\377\000M\000\351\000t\000h\000o\000d\000o\000l\000o\000g\000i\000e\000\040\000a\000d\000o\000p\000t\000\351\000e}{section.56}% 41
\BOOKMARK [2][-]{subsection.58}{\376\377\000A\000p\000p\000l\000i\000c\000a\000t\000i\000o\000n\000\040\000d\000e\000\040\000S\000c\000r\000u\000m\000\040\000a\000u\000\040\000p\000r\000o\000j\000e\000t}{section.56}% 42
\BOOKMARK [2][-]{subsection.60}{\376\377\000S\000u\000i\000v\000i\000\040\000e\000t\000\040\000v\000a\000l\000i\000d\000a\000t\000i\000o\000n\000\040\000d\000e\000s\000\040\000t\000r\000a\000v\000a\000u\000x}{section.56}% 43
\BOOKMARK [1][-]{section*.61}{\376\377\000C\000o\000n\000c\000l\000u\000s\000i\000o\000n}{chapter.10}% 44
\BOOKMARK [0][-]{chapter.62}{\376\377\000A\000n\000a\000l\000y\000s\000e\000\040\000e\000t\000\040\000p\000l\000a\000n\000i\000f\000i\000c\000a\000t\000i\000o\000n}{}% 45
\BOOKMARK [1][-]{section*.63}{\376\377\000I\000n\000t\000r\000o\000d\000u\000c\000t\000i\000o\000n}{chapter.62}% 46
\BOOKMARK [1][-]{section.64}{\376\377\000A\000n\000a\000l\000y\000s\000e\000\040\000d\000e\000s\000\040\000b\000e\000s\000o\000i\000n\000s}{chapter.62}% 47
\BOOKMARK [2][-]{subsection.65}{\376\377\000B\000e\000s\000o\000i\000n\000s\000\040\000f\000o\000n\000c\000t\000i\000o\000n\000n\000e\000l\000s}{section.64}% 48
\BOOKMARK [2][-]{subsection.66}{\376\377\000B\000e\000s\000o\000i\000n\000s\000\040\000n\000o\000n\000\040\000f\000o\000n\000c\000t\000i\000o\000n\000n\000e\000l\000s}{section.64}% 49
\BOOKMARK [2][-]{subsection.67}{\376\377\000I\000d\000e\000n\000t\000i\000f\000i\000c\000a\000t\000i\000o\000n\000\040\000d\000e\000s\000\040\000a\000c\000t\000e\000u\000r\000s}{section.64}% 50
\BOOKMARK [1][-]{section.69}{\376\377\000\311\000t\000u\000d\000e\000\040\000a\000r\000c\000h\000i\000t\000e\000c\000t\000u\000r\000a\000l\000e}{chapter.62}% 51
\BOOKMARK [2][-]{subsection.70}{\376\377\000O\000b\000j\000e\000c\000t\000i\000f\000\040\000d\000e\000\040\000l\000'\000a\000r\000c\000h\000i\000t\000e\000c\000t\000u\000r\000e\000\040\000p\000r\000o\000p\000o\000s\000\351\000e}{section.69}% 52
\BOOKMARK [2][-]{subsection.71}{\376\377\000C\000o\000n\000t\000r\000a\000i\000n\000t\000e\000s\000\040\000e\000t\000\040\000e\000x\000i\000g\000e\000n\000c\000e\000s\000\040\000a\000r\000c\000h\000i\000t\000e\000c\000t\000u\000r\000a\000l\000e\000s}{section.69}% 53
\BOOKMARK [2][-]{subsection.73}{\376\377\000A\000p\000p\000r\000o\000c\000h\000e\000\040\000m\000u\000l\000t\000i\000-\000a\000g\000e\000n\000t\000\040\000a\000d\000o\000p\000t\000\351\000e}{section.69}% 54
\BOOKMARK [2][-]{subsection.74}{\376\377\000P\000a\000t\000t\000e\000r\000n\000s\000\040\000a\000r\000c\000h\000i\000t\000e\000c\000t\000u\000r\000a\000u\000x\000\040\000a\000p\000p\000l\000i\000q\000u\000\351\000s\000\040\000a\000u\000\040\000p\000i\000p\000e\000l\000i\000n\000e}{section.69}% 55
\BOOKMARK [2][-]{subsection.83}{\376\377\000V\000u\000e\000\040\000d\000'\000e\000n\000s\000e\000m\000b\000l\000e\000\040\000d\000e\000\040\000l\000'\000a\000r\000c\000h\000i\000t\000e\000c\000t\000u\000r\000e\000\040\000p\000r\000o\000p\000o\000s\000\351\000e}{section.69}% 56
\BOOKMARK [2][-]{subsection.85}{\376\377\000A\000r\000c\000h\000i\000t\000e\000c\000t\000u\000r\000e\000\040\000l\000o\000g\000i\000q\000u\000e\000\040\000d\000u\000\040\000s\000y\000s\000t\000\350\000m\000e}{section.69}% 57
\BOOKMARK [2][-]{subsection.87}{\376\377\000P\000i\000p\000e\000l\000i\000n\000e\000\040\000d\000e\000\040\000m\000i\000g\000r\000a\000t\000i\000o\000n\000\040\000p\000r\000o\000p\000o\000s\000\351}{section.69}% 58
\BOOKMARK [1][-]{section.89}{\376\377\000P\000r\000\351\000s\000e\000n\000t\000a\000t\000i\000o\000n\000\040\000d\000e\000\040\000l\000'\000\351\000q\000u\000i\000p\000e\000\040\000S\000c\000r\000u\000m}{chapter.62}% 59
\BOOKMARK [1][-]{section.91}{\376\377\000M\000i\000s\000e\000\040\000e\000n\000\040\000p\000l\000a\000c\000e\000\040\000d\000e\000\040\000l\000'\000a\000p\000p\000l\000i\000c\000a\000t\000i\000o\000n\000\040\000d\000e\000\040\000r\000\351\000f\000\351\000r\000e\000n\000c\000e}{chapter.62}% 60
\BOOKMARK [1][-]{section.92}{\376\377\000B\000a\000c\000k\000l\000o\000g\000\040\000d\000u\000\040\000p\000r\000o\000d\000u\000i\000t}{chapter.62}% 61
\BOOKMARK [1][-]{section.94}{\376\377\000P\000l\000a\000n\000i\000f\000i\000c\000a\000t\000i\000o\000n\000\040\000d\000e\000s\000\040\000s\000p\000r\000i\000n\000t\000s}{chapter.62}% 62
\BOOKMARK [1][-]{section.97}{\376\377\000E\000n\000v\000i\000r\000o\000n\000n\000e\000m\000e\000n\000t\000\040\000d\000u\000\040\000t\000r\000a\000v\000a\000i\000l}{chapter.62}% 63
\BOOKMARK [2][-]{subsection.98}{\376\377\000E\000n\000v\000i\000r\000o\000n\000n\000e\000m\000e\000n\000t\000\040\000m\000a\000t\000\351\000r\000i\000e\000l}{section.97}% 64
\BOOKMARK [2][-]{subsection.99}{\376\377\000E\000n\000v\000i\000r\000o\000n\000n\000e\000m\000e\000n\000t\000\040\000l\000o\000g\000i\000c\000i\000e\000l}{section.97}% 65
\BOOKMARK [1][-]{section*.100}{\376\377\000C\000o\000n\000c\000l\000u\000s\000i\000o\000n}{chapter.62}% 66
\BOOKMARK [0][-]{chapter.101}{\376\377\000R\000e\000l\000e\000a\000s\000e\000\040\0001\000\040\000:\000\040\000P\000r\000\351\000p\000a\000r\000a\000t\000i\000o\000n\000\040\000d\000u\000\040\000p\000i\000p\000e\000l\000i\000n\000e\000\040\000e\000t\000\040\000g\000\351\000n\000\351\000r\000a\000t\000i\000o\000n\000\040\000s\000t\000r\000u\000c\000t\000u\000r\000e\000l\000l\000e}{}% 67
\BOOKMARK [1][-]{section*.102}{\376\377\000I\000n\000t\000r\000o\000d\000u\000c\000t\000i\000o\000n}{chapter.101}% 68
\BOOKMARK [1][-]{section.103}{\376\377\000P\000l\000a\000n\000i\000f\000i\000c\000a\000t\000i\000o\000n\000\040\000d\000e\000\040\000l\000a\000\040\000R\000e\000l\000e\000a\000s\000e\000\040\0001}{chapter.101}% 69
\BOOKMARK [1][-]{section.105}{\376\377\000S\000p\000r\000i\000n\000t\000\040\0001\000\040\000:\000\040\000M\000i\000s\000e\000\040\000e\000n\000\040\000p\000l\000a\000c\000e\000\040\000d\000e\000\040\000l\000'\000o\000r\000c\000h\000e\000s\000t\000r\000a\000t\000e\000u\000r\000\040\000e\000t\000\040\000d\000u\000\040\000m\000o\000t\000e\000u\000r\000\040\000d\000'\000e\000x\000t\000r\000a\000c\000t\000i\000o\000n\000\040\000s\000t\000r\000u\000c\000t\000u\000r\000e\000l\000l\000e}{chapter.101}% 70
\BOOKMARK [2][-]{subsection.106}{\376\377\000O\000b\000j\000e\000c\000t\000i\000f\000\040\000d\000u\000\040\000S\000p\000r\000i\000n\000t\000\040\0001}{section.105}% 71
\BOOKMARK [2][-]{subsection.108}{\376\377\000A\000n\000a\000l\000y\000s\000e\000\040\000d\000u\000\040\000S\000p\000r\000i\000n\000t\000\040\0001}{section.105}% 72
\BOOKMARK [2][-]{subsection.109}{\376\377\000C\000o\000n\000c\000e\000p\000t\000i\000o\000n\000\040\000d\000u\000\040\000S\000p\000r\000i\000n\000t\000\040\0001}{section.105}% 73
\BOOKMARK [3][-]{subsubsection.111}{\376\377\000C\000o\000n\000c\000e\000p\000t\000i\000o\000n\000\040\000d\000e\000\040\000l\000'\000o\000r\000c\000h\000e\000s\000t\000r\000a\000t\000e\000u\000r\000\040\000e\000t\000\040\000d\000e\000\040\000l\000'\000\351\000t\000a\000t\000\040\000p\000a\000r\000t\000a\000g\000\351}{subsection.109}% 74
\BOOKMARK [3][-]{subsubsection.114}{\376\377\000C\000o\000n\000c\000e\000p\000t\000i\000o\000n\000\040\000d\000u\000\040\000m\000o\000t\000e\000u\000r\000\040\000d\000'\000e\000x\000t\000r\000a\000c\000t\000i\000o\000n\000\040\000s\000t\000r\000u\000c\000t\000u\000r\000e\000l\000l\000e}{subsection.109}% 75
\BOOKMARK [1][-]{section.115}{\376\377\000S\000p\000r\000i\000n\000t\000\040\0002\000\040\000:\000\040\000C\000o\000n\000c\000e\000p\000t\000i\000o\000n\000\040\000d\000e\000\040\000l\000'\000a\000r\000c\000h\000i\000t\000e\000c\000t\000u\000r\000e\000\040\000m\000i\000c\000r\000o\000-\000f\000r\000o\000n\000t\000e\000n\000d\000\040\000c\000i\000b\000l\000e}{chapter.101}% 76
\BOOKMARK [2][-]{subsection.116}{\376\377\000O\000b\000j\000e\000c\000t\000i\000f\000\040\000d\000u\000\040\000S\000p\000r\000i\000n\000t\000\040\0002}{section.115}% 77
\BOOKMARK [2][-]{subsection.118}{\376\377\000A\000n\000a\000l\000y\000s\000e\000\040\000d\000u\000\040\000S\000p\000r\000i\000n\000t\000\040\0002}{section.115}% 78
\BOOKMARK [2][-]{subsection.119}{\376\377\000C\000o\000n\000c\000e\000p\000t\000i\000o\000n\000\040\000d\000u\000\040\000S\000p\000r\000i\000n\000t\000\040\0002}{section.115}% 79
\BOOKMARK [3][-]{subsubsection.121}{\376\377\000C\000o\000n\000c\000e\000p\000t\000i\000o\000n\000\040\000d\000e\000\040\000l\000'\000a\000g\000e\000n\000t\000\040\000d\000e\000\040\000d\000\351\000l\000i\000m\000i\000t\000a\000t\000i\000o\000n\000\040\000d\000e\000s\000\040\000d\000o\000m\000a\000i\000n\000e\000s\000\040\000m\000\351\000t\000i\000e\000r}{subsection.119}% 80
\BOOKMARK [3][-]{subsubsection.123}{\376\377\000C\000o\000n\000c\000e\000p\000t\000i\000o\000n\000\040\000d\000e\000\040\000l\000'\000a\000g\000e\000n\000t\000\040\000d\000e\000\040\000c\000o\000n\000c\000e\000p\000t\000i\000o\000n\000\040\000d\000u\000\040\000p\000l\000a\000n\000\040\000d\000i\000r\000e\000c\000t\000e\000u\000r\000\040\000d\000e\000\040\000m\000i\000g\000r\000a\000t\000i\000o\000n}{subsection.119}% 81
\BOOKMARK [3][-]{subsubsection.125}{\376\377\000V\000a\000l\000i\000d\000a\000t\000i\000o\000n\000\040\000d\000e\000s\000\040\000s\000o\000r\000t\000i\000e\000s\000\040\000d\000e\000s\000\040\000a\000g\000e\000n\000t\000s}{subsection.119}% 82
\BOOKMARK [1][-]{section.126}{\376\377\000S\000p\000r\000i\000n\000t\000\040\0003\000\040\000:\000\040\000G\000\351\000n\000\351\000r\000a\000t\000i\000o\000n\000\040\000s\000t\000r\000u\000c\000t\000u\000r\000e\000l\000l\000e\000\040\000d\000u\000\040\000p\000r\000o\000j\000e\000t\000\040\000m\000i\000c\000r\000o\000-\000f\000r\000o\000n\000t\000e\000n\000d}{chapter.101}% 83
\BOOKMARK [2][-]{subsection.127}{\376\377\000O\000b\000j\000e\000c\000t\000i\000f\000\040\000d\000u\000\040\000S\000p\000r\000i\000n\000t\000\040\0003}{section.126}% 84
\BOOKMARK [2][-]{subsection.129}{\376\377\000A\000n\000a\000l\000y\000s\000e\000\040\000d\000u\000\040\000S\000p\000r\000i\000n\000t\000\040\0003}{section.126}% 85
\BOOKMARK [2][-]{subsection.130}{\376\377\000C\000o\000n\000c\000e\000p\000t\000i\000o\000n\000\040\000d\000u\000\040\000S\000p\000r\000i\000n\000t\000\040\0003}{section.126}% 86
\BOOKMARK [3][-]{subsubsection.132}{\376\377\000C\000o\000n\000c\000e\000p\000t\000i\000o\000n\000\040\000d\000e\000\040\000l\000'\000a\000g\000e\000n\000t\000\040\000d\000e\000\040\000g\000\351\000n\000\351\000r\000a\000t\000i\000o\000n\000\040\000d\000e\000\040\000l\000'\000e\000n\000v\000i\000r\000o\000n\000n\000e\000m\000e\000n\000t\000\040\000d\000e\000\040\000t\000r\000a\000v\000a\000i\000l\000\040\000d\000u\000\040\000p\000r\000o\000j\000e\000t\000\040\000e\000t\000\040\000d\000u\000\040\000S\000h\000e\000l\000l}{subsection.130}% 87
\BOOKMARK [3][-]{subsubsection.134}{\376\377\000C\000o\000n\000c\000e\000p\000t\000i\000o\000n\000\040\000d\000e\000\040\000l\000'\000a\000g\000e\000n\000t\000\040\000d\000e\000\040\000g\000\351\000n\000\351\000r\000a\000t\000i\000o\000n\000\040\000d\000e\000s\000\040\000s\000q\000u\000e\000l\000e\000t\000t\000e\000s\000\040\000R\000e\000m\000o\000t\000e}{subsection.130}% 88
\BOOKMARK [3][-]{subsubsection.136}{\376\377\000V\000a\000l\000i\000d\000a\000t\000i\000o\000n\000\040\000d\000e\000s\000\040\000s\000o\000r\000t\000i\000e\000s\000\040\000d\000e\000\040\000g\000\351\000n\000\351\000r\000a\000t\000i\000o\000n}{subsection.130}% 89
\BOOKMARK [0][-]{chapter.137}{\376\377\000R\000e\000l\000e\000a\000s\000e\000\040\0002\000\040\000:\000\040\000M\000i\000g\000r\000a\000t\000i\000o\000n\000\040\000d\000\351\000t\000a\000i\000l\000l\000\351\000e\000\040\000e\000t\000\040\000i\000n\000t\000\351\000g\000r\000a\000t\000i\000o\000n\000\040\000f\000i\000n\000a\000l\000e}{}% 90
\BOOKMARK [1][-]{section*.138}{\376\377\000I\000n\000t\000r\000o\000d\000u\000c\000t\000i\000o\000n}{chapter.137}% 91
\BOOKMARK [1][-]{section.139}{\376\377\000P\000l\000a\000n\000i\000f\000i\000c\000a\000t\000i\000o\000n\000\040\000d\000e\000\040\000l\000a\000\040\000R\000e\000l\000e\000a\000s\000e\000\040\0002}{chapter.137}% 92
\BOOKMARK [1][-]{section.141}{\376\377\000S\000p\000r\000i\000n\000t\000\040\0004\000\040\000:\000\040\000M\000i\000g\000r\000a\000t\000i\000o\000n\000\040\000d\000e\000s\000\040\000s\000e\000r\000v\000i\000c\000e\000s\000,\000\040\000d\000e\000\040\000l\000a\000\040\000g\000e\000s\000t\000i\000o\000n\000\040\000d\000'\000\351\000t\000a\000t\000\040\000e\000t\000\040\000d\000e\000s\000\040\000\351\000l\000\351\000m\000e\000n\000t\000s\000\040\000p\000a\000r\000t\000a\000g\000\351\000s}{chapter.137}% 93
\BOOKMARK [2][-]{subsection.142}{\376\377\000O\000b\000j\000e\000c\000t\000i\000f\000\040\000d\000u\000\040\000S\000p\000r\000i\000n\000t\000\040\0004}{section.141}% 94
\BOOKMARK [2][-]{subsection.144}{\376\377\000A\000n\000a\000l\000y\000s\000e\000\040\000d\000u\000\040\000S\000p\000r\000i\000n\000t\000\040\0004}{section.141}% 95
\BOOKMARK [2][-]{subsection.145}{\376\377\000C\000o\000n\000c\000e\000p\000t\000i\000o\000n\000\040\000d\000u\000\040\000S\000p\000r\000i\000n\000t\000\040\0004}{section.141}% 96
\BOOKMARK [3][-]{subsubsection.146}{\376\377\000D\000i\000a\000g\000r\000a\000m\000m\000e\000\040\000d\000'\000a\000c\000t\000i\000v\000i\000t\000\351\000\040\000d\000u\000\040\000S\000p\000r\000i\000n\000t\000\040\0004}{subsection.145}% 97
\BOOKMARK [3][-]{subsubsection.148}{\376\377\000M\000i\000g\000r\000a\000t\000i\000o\000n\000\040\000d\000e\000s\000\040\000\351\000l\000\351\000m\000e\000n\000t\000s\000\040\000p\000a\000r\000t\000a\000g\000\351\000s}{subsection.145}% 98
\BOOKMARK [3][-]{subsubsection.149}{\376\377\000M\000i\000g\000r\000a\000t\000i\000o\000n\000\040\000d\000e\000s\000\040\000s\000e\000r\000v\000i\000c\000e\000s\000\040\000e\000t\000\040\000d\000e\000\040\000l\000a\000\040\000g\000e\000s\000t\000i\000o\000n\000\040\000d\000'\000\351\000t\000a\000t}{subsection.145}% 99
\BOOKMARK [2][-]{subsection.150}{\376\377\000V\000a\000l\000i\000d\000a\000t\000i\000o\000n\000\040\000d\000u\000\040\000S\000p\000r\000i\000n\000t\000\040\0004}{section.141}% 100
\BOOKMARK [1][-]{section.151}{\376\377\000S\000p\000r\000i\000n\000t\000\040\0005\000\040\000:\000\040\000M\000i\000g\000r\000a\000t\000i\000o\000n\000\040\000d\000e\000s\000\040\000r\000o\000u\000t\000e\000s\000,\000\040\000d\000e\000s\000\040\000c\000o\000m\000p\000o\000s\000a\000n\000t\000s\000,\000\040\000d\000e\000s\000\040\000t\000e\000m\000p\000l\000a\000t\000e\000s\000\040\000e\000t\000\040\000d\000e\000s\000\040\000s\000t\000y\000l\000e\000s}{chapter.137}% 101
\BOOKMARK [2][-]{subsection.152}{\376\377\000O\000b\000j\000e\000c\000t\000i\000f\000\040\000d\000u\000\040\000S\000p\000r\000i\000n\000t\000\040\0005}{section.151}% 102
\BOOKMARK [2][-]{subsection.154}{\376\377\000A\000n\000a\000l\000y\000s\000e\000\040\000d\000u\000\040\000S\000p\000r\000i\000n\000t\000\040\0005}{section.151}% 103
\BOOKMARK [2][-]{subsection.155}{\376\377\000C\000o\000n\000c\000e\000p\000t\000i\000o\000n\000\040\000d\000u\000\040\000S\000p\000r\000i\000n\000t\000\040\0005}{section.151}% 104
\BOOKMARK [3][-]{subsubsection.156}{\376\377\000M\000i\000g\000r\000a\000t\000i\000o\000n\000\040\000d\000e\000s\000\040\000r\000o\000u\000t\000e\000s}{subsection.155}% 105
\BOOKMARK [3][-]{subsubsection.157}{\376\377\000M\000i\000g\000r\000a\000t\000i\000o\000n\000\040\000d\000e\000s\000\040\000c\000o\000m\000p\000o\000s\000a\000n\000t\000s\000,\000\040\000t\000e\000m\000p\000l\000a\000t\000e\000s\000\040\000e\000t\000\040\000s\000t\000y\000l\000e\000s}{subsection.155}% 106
\BOOKMARK [3][-]{subsubsection.158}{\376\377\000V\000a\000l\000i\000d\000a\000t\000i\000o\000n\000\040\000d\000e\000\040\000l\000'\000i\000n\000t\000\351\000g\000r\000a\000t\000i\000o\000n\000\040\000b\000a\000c\000k\000e\000n\000d}{subsection.155}% 107
\BOOKMARK [2][-]{subsection.159}{\376\377\000V\000a\000l\000i\000d\000a\000t\000i\000o\000n\000\040\000d\000u\000\040\000S\000p\000r\000i\000n\000t\000\040\0005}{section.151}% 108
\BOOKMARK [3][-]{subsubsection.160}{\376\377\000D\000i\000a\000g\000r\000a\000m\000m\000e\000\040\000d\000'\000a\000c\000t\000i\000v\000i\000t\000\351\000\040\000d\000u\000\040\000S\000p\000r\000i\000n\000t\000\040\0005}{subsection.159}% 109
\BOOKMARK [1][-]{section.162}{\376\377\000S\000p\000r\000i\000n\000t\000\040\0006\000\040\000:\000\040\000C\000o\000n\000f\000i\000g\000u\000r\000a\000t\000i\000o\000n\000\040\000M\000o\000d\000u\000l\000e\000\040\000F\000e\000d\000e\000r\000a\000t\000i\000o\000n\000,\000\040\000v\000a\000l\000i\000d\000a\000t\000i\000o\000n\000\040\000f\000i\000n\000a\000l\000e\000,\000\040\000d\000o\000c\000u\000m\000e\000n\000t\000a\000t\000i\000o\000n\000\040\000e\000t\000\040\000s\000t\000a\000b\000i\000l\000i\000s\000a\000t\000i\000o\000n}{chapter.137}% 110
\BOOKMARK [2][-]{subsection.163}{\376\377\000O\000b\000j\000e\000c\000t\000i\000f\000\040\000d\000u\000\040\000S\000p\000r\000i\000n\000t\000\040\0006}{section.162}% 111
\BOOKMARK [2][-]{subsection.165}{\376\377\000A\000n\000a\000l\000y\000s\000e\000\040\000d\000u\000\040\000S\000p\000r\000i\000n\000t\000\040\0006}{section.162}% 112
\BOOKMARK [2][-]{subsection.166}{\376\377\000C\000o\000n\000c\000e\000p\000t\000i\000o\000n\000\040\000d\000u\000\040\000S\000p\000r\000i\000n\000t\000\040\0006}{section.162}% 113
\BOOKMARK [3][-]{subsubsection.167}{\376\377\000D\000i\000a\000g\000r\000a\000m\000m\000e\000\040\000d\000'\000a\000c\000t\000i\000v\000i\000t\000\351\000\040\000d\000u\000\040\000S\000p\000r\000i\000n\000t\000\040\0006}{subsection.166}% 114
\BOOKMARK [3][-]{subsubsection.169}{\376\377\000C\000o\000n\000f\000i\000g\000u\000r\000a\000t\000i\000o\000n\000\040\000d\000e\000\040\000M\000o\000d\000u\000l\000e\000\040\000F\000e\000d\000e\000r\000a\000t\000i\000o\000n}{subsection.166}% 115
\BOOKMARK [3][-]{subsubsection.170}{\376\377\000V\000a\000l\000i\000d\000a\000t\000i\000o\000n\000\040\000f\000i\000n\000a\000l\000e}{subsection.166}% 116
\BOOKMARK [3][-]{subsubsection.171}{\376\377\000D\000o\000c\000u\000m\000e\000n\000t\000a\000t\000i\000o\000n\000,\000\040\000l\000i\000v\000r\000a\000i\000s\000o\000n\000\040\000e\000t\000\040\000s\000t\000a\000b\000i\000l\000i\000s\000a\000t\000i\000o\000n}{subsection.166}% 117
\BOOKMARK [2][-]{subsection.172}{\376\377\000V\000a\000l\000i\000d\000a\000t\000i\000o\000n\000\040\000d\000u\000\040\000S\000p\000r\000i\000n\000t\000\040\0006}{section.162}% 118
\BOOKMARK [1][-]{section*.173}{\376\377\000C\000o\000n\000c\000l\000u\000s\000i\000o\000n}{chapter.137}% 119
\BOOKMARK [0][-]{chapter.174}{\376\377\000R\000\351\000a\000l\000i\000s\000a\000t\000i\000o\000n}{}% 120
\BOOKMARK [1][-]{section*.175}{\376\377\000I\000n\000t\000r\000o\000d\000u\000c\000t\000i\000o\000n}{chapter.174}% 121
\BOOKMARK [1][-]{section.176}{\376\377\000I\000n\000t\000e\000r\000f\000a\000c\000e\000\040\000g\000r\000a\000p\000h\000i\000q\000u\000e\000\040\000d\000u\000\040\000m\000i\000g\000r\000a\000t\000e\000u\000r}{chapter.174}% 122
\BOOKMARK [1][-]{section.181}{\376\377\000S\000u\000i\000v\000i\000\040\000d\000e\000\040\000l\000'\000e\000x\000\351\000c\000u\000t\000i\000o\000n\000\040\000e\000t\000\040\000v\000a\000l\000i\000d\000a\000t\000i\000o\000n\000\040\000h\000u\000m\000a\000i\000n\000e}{chapter.174}% 123
\BOOKMARK [1][-]{section.190}{\376\377\000R\000\351\000c\000u\000p\000\351\000r\000a\000t\000i\000o\000n\000\040\000d\000u\000\040\000p\000r\000o\000j\000e\000t\000\040\000g\000\351\000n\000\351\000r\000\351}{chapter.174}% 124
\BOOKMARK [1][-]{section.195}{\376\377\000L\000a\000n\000c\000e\000m\000e\000n\000t\000\040\000d\000u\000\040\000n\000o\000u\000v\000e\000a\000u\000\040\000p\000r\000o\000j\000e\000t}{chapter.174}% 125
\BOOKMARK [1][-]{section.204}{\376\377\000V\000a\000l\000i\000d\000a\000t\000i\000o\000n\000\040\000v\000i\000s\000u\000e\000l\000l\000e\000\040\000d\000e\000\040\000l\000'\000a\000p\000p\000l\000i\000c\000a\000t\000i\000o\000n\000\040\000g\000\351\000n\000\351\000r\000\351\000e}{chapter.174}% 126
\BOOKMARK [1][-]{section.213}{\376\377\000L\000i\000v\000r\000a\000b\000l\000e\000s\000\040\000f\000i\000n\000a\000u\000x}{chapter.174}% 127
\BOOKMARK [1][-]{section*.215}{\376\377\000C\000o\000n\000c\000l\000u\000s\000i\000o\000n}{chapter.174}% 128
\BOOKMARK [0][-]{chapter*.216}{\376\377\000C\000o\000n\000c\000l\000u\000s\000i\000o\000n\000\040\000g\000\351\000n\000\351\000r\000a\000l\000e}{}% 129
\BOOKMARK [0][-]{chapter*.217}{\376\377\000B\000i\000b\000l\000i\000o\000g\000r\000a\000p\000h\000i\000e}{}% 130
\BOOKMARK [0][-]{appendix*.218}{\376\377\000A\000n\000n\000e\000x\000e}{}% 131
